#
# There is insufficient memory for the Java Runtime Environment to continue.
# Native memory allocation (malloc) failed to allocate 235296 bytes. Error detail: Chunk::new
# Possible reasons:
#   The system is out of physical RAM or swap space
#   This process is running with CompressedOops enabled, and the Java Heap may be blocking the growth of the native heap
# Possible solutions:
#   Reduce memory load on the system
#   Increase physical memory or swap space
#   Check if swap backing store is full
#   Decrease Java heap size (-Xmx/-Xms)
#   Decrease number of Java threads
#   Decrease Java thread stack sizes (-Xss)
#   Set larger code cache with -XX:ReservedCodeCacheSize=
#   JVM is running with Unscaled Compressed Oops mode in which the Java heap is
#     placed in the first 4GB address space. The Java Heap base address is the
#     maximum limit for the native heap growth. Please use -XX:HeapBaseMinAddress
#     to set the Java Heap base and to place the Java Heap above 4GB virtual address.
# This output file may be truncated or incomplete.
#
#  Out of Memory Error (arena.cpp:168), pid=54780, tid=49328
#
# JRE version: OpenJDK Runtime Environment Temurin-21.0.11+10 (21.0.11+10) (build 21.0.11+10-LTS)
# Java VM: OpenJDK 64-Bit Server VM Temurin-21.0.11+10 (21.0.11+10-LTS, mixed mode, sharing, tiered, compressed oops, compressed class ptrs, parallel gc, windows-amd64)
# No core dump will be written. Minidumps are not enabled by default on client versions of Windows
#

---------------  S U M M A R Y ------------

Command Line: --add-modules=ALL-SYSTEM --add-opens=java.base/java.util=ALL-UNNAMED --add-opens=java.base/java.lang=ALL-UNNAMED --add-opens=java.base/sun.nio.fs=ALL-UNNAMED -Declipse.application=org.eclipse.jdt.ls.core.id1 -Dosgi.bundles.defaultStartLevel=4 -Declipse.product=org.eclipse.jdt.ls.core.product -Djava.import.generatesMetadataFilesAtProjectRoot=false -DDetectVMInstallationsJob.disabled=true -Dfile.encoding=utf8 -XX:+UseParallelGC -XX:GCTimeRatio=4 -XX:AdaptiveSizePolicyWeight=90 -Dsun.zip.disableMemoryMapping=true -Xmx2G -Xms100m -Xlog:disable -javaagent:c:\Users\vishnukumar.t\.vscode\extensions\redhat.java-1.55.0-win32-x64\lombok\lombok-1.18.39-4050.jar c:\Users\vishnukumar.t\.vscode\extensions\redhat.java-1.55.0-win32-x64\server\plugins\org.eclipse.equinox.launcher_1.7.200.v20260619-2039.jar -configuration c:\Users\vishnukumar.t\AppData\Roaming\Code\User\globalStorage\redhat.java\1.55.0\config_ss_win -data c:\Users\vishnukumar.t\AppData\Roaming\Code\User\workspaceStorage\dc48afeaa7773d9f7dece3dd86eaa1fa\redhat.java\ss_ws --pipe=\\.\pipe\lsp-ee4f2733c31924448aa51bd94f59d1f0-sock

Host: 13th Gen Intel(R) Core(TM) i5-1335U, 12 cores, 15G,  Windows 11 , 64 bit Build 26100 (10.0.26100.8875)
Time: Fri Aug 21 15:49:12 2026 India Standard Time elapsed time: 6.776396 seconds (0d 0h 0m 6s)

---------------  T H R E A D  ---------------

Current thread (0x000001567d556490):  JavaThread "C2 CompilerThread1" daemon [_thread_in_native, id=49328, stack(0x0000003a65a00000,0x0000003a65b00000) (1024K)]


Current CompileTask:
C2:6776 1280       4       java.io.DataInputStream::readUTF (501 bytes)

Stack: [0x0000003a65a00000,0x0000003a65b00000]
Native frames: (J=compiled Java code, j=interpreted, Vv=VM code, C=native code)
V  [jvm.dll+0x6d7e19]
V  [jvm.dll+0x8b5096]
V  [jvm.dll+0x8b764e]
V  [jvm.dll+0x8b7d33]
V  [jvm.dll+0x284596]
V  [jvm.dll+0xc685d]
V  [jvm.dll+0xc6da1]
V  [jvm.dll+0x2fb4ee]
V  [jvm.dll+0x5fe9a4]
V  [jvm.dll+0x255d67]
V  [jvm.dll+0x24e2ca]
V  [jvm.dll+0x24bbe6]
V  [jvm.dll+0x1cb4ae]
V  [jvm.dll+0x25baad]
V  [jvm.dll+0x25a03a]
V  [jvm.dll+0x3f868e]
V  [jvm.dll+0x85fb0d]
V  [jvm.dll+0x6d664d]
C  [ucrtbase.dll+0x2cd30]
C  [KERNEL32.DLL+0x2e957]
C  [ntdll.dll+0xaad6c]


---------------  P R O C E S S  ---------------

Threads class SMR info:
_java_thread_list=0x000001567d865a80, length=13, elements={
0x000001566f156020, 0x0000015676bbe1e0, 0x0000015677d1c810, 0x0000015677d224a0,
0x0000015677d28c40, 0x0000015677d292b0, 0x0000015677d29920, 0x0000015677d2d590,
0x0000015677d59220, 0x0000015677f82c10, 0x000001567809b5e0, 0x000001567d556490,
0x000001567d61f5a0
}

Java Threads: ( => current thread )
  0x000001566f156020 JavaThread "main"                              [_thread_in_native, id=18252, stack(0x0000003a64c00000,0x0000003a64d00000) (1024K)]
  0x0000015676bbe1e0 JavaThread "Reference Handler"          daemon [_thread_blocked, id=58188, stack(0x0000003a65000000,0x0000003a65100000) (1024K)]
  0x0000015677d1c810 JavaThread "Finalizer"                  daemon [_thread_blocked, id=55344, stack(0x0000003a65100000,0x0000003a65200000) (1024K)]
  0x0000015677d224a0 JavaThread "Signal Dispatcher"          daemon [_thread_blocked, id=64192, stack(0x0000003a65200000,0x0000003a65300000) (1024K)]
  0x0000015677d28c40 JavaThread "Attach Listener"            daemon [_thread_blocked, id=48648, stack(0x0000003a65300000,0x0000003a65400000) (1024K)]
  0x0000015677d292b0 JavaThread "Service Thread"             daemon [_thread_blocked, id=18524, stack(0x0000003a65400000,0x0000003a65500000) (1024K)]
  0x0000015677d29920 JavaThread "Monitor Deflation Thread"   daemon [_thread_blocked, id=63032, stack(0x0000003a65500000,0x0000003a65600000) (1024K)]
  0x0000015677d2d590 JavaThread "C2 CompilerThread0"         daemon [_thread_blocked, id=62480, stack(0x0000003a65600000,0x0000003a65700000) (1024K)]
  0x0000015677d59220 JavaThread "C1 CompilerThread0"         daemon [_thread_blocked, id=56472, stack(0x0000003a65700000,0x0000003a65800000) (1024K)]
  0x0000015677f82c10 JavaThread "Common-Cleaner"             daemon [_thread_blocked, id=19088, stack(0x0000003a65900000,0x0000003a65a00000) (1024K)]
  0x000001567809b5e0 JavaThread "Notification Thread"        daemon [_thread_blocked, id=31724, stack(0x0000003a65800000,0x0000003a65900000) (1024K)]
=>0x000001567d556490 JavaThread "C2 CompilerThread1"         daemon [_thread_in_native, id=49328, stack(0x0000003a65a00000,0x0000003a65b00000) (1024K)]
  0x000001567d61f5a0 JavaThread "Active Thread: Equinox Container: 13814a2f-dd5d-4590-9c60-adaf43d50a96"        [_thread_blocked, id=61032, stack(0x0000003a66100000,0x0000003a66200000) (1024K)]
Total: 13

Other Threads:
  0x0000015676baa280 VMThread "VM Thread"                           [id=45952, stack(0x0000003a64f00000,0x0000003a65000000) (1024K)]
  0x000001566f1c02d0 WatcherThread "VM Periodic Task Thread"        [id=26652, stack(0x0000003a64e00000,0x0000003a64f00000) (1024K)]
  0x000001566f1742d0 WorkerThread "GC Thread#0"                     [id=20560, stack(0x0000003a64d00000,0x0000003a64e00000) (1024K)]
  0x000001567d3b95b0 WorkerThread "GC Thread#1"                     [id=19636, stack(0x0000003a65b00000,0x0000003a65c00000) (1024K)]
  0x000001567d897860 WorkerThread "GC Thread#2"                     [id=51632, stack(0x0000003a65c00000,0x0000003a65d00000) (1024K)]
  0x000001567d2c7dd0 WorkerThread "GC Thread#3"                     [id=65524, stack(0x0000003a65d00000,0x0000003a65e00000) (1024K)]
  0x000001567d8edd20 WorkerThread "GC Thread#4"                     [id=32652, stack(0x0000003a65e00000,0x0000003a65f00000) (1024K)]
  0x000001567d2d2380 WorkerThread "GC Thread#5"                     [id=58176, stack(0x0000003a65f00000,0x0000003a66000000) (1024K)]
  0x000001567d7b5ff0 WorkerThread "GC Thread#6"                     [id=48360, stack(0x0000003a66000000,0x0000003a66100000) (1024K)]
Total: 9

Threads with active compile tasks:
C2 CompilerThread1  8785 1280       4       java.io.DataInputStream::readUTF (501 bytes)
Total: 1

VM state: not at safepoint (normal execution)

VM Mutex/Monitor currently owned by a thread: None

Heap address: 0x0000000080000000, size: 2048 MB, Compressed Oops mode: 32-bit

CDS archive(s) mapped at: [0x000001560f000000-0x000001560fba0000-0x000001560fba0000), size 12189696, SharedBaseAddress: 0x000001560f000000, ArchiveRelocationMode: 1.
Compressed class space mapped at: 0x0000015610000000-0x0000015650000000, reserved size: 1073741824
Narrow klass base: 0x000001560f000000, Narrow klass shift: 0, Narrow klass range: 0x100000000

GC Precious Log:
 CardTable entry size: 512
 CPUs: 12 total, 12 available
 Memory: 16068M
 Large Page Support: Disabled
 NUMA Support: Disabled
 Compressed Oops: Enabled (32-bit)
 Alignments: Space 512K, Generation 512K, Heap 2M
 Heap Min Capacity: 100M
 Heap Initial Capacity: 100M
 Heap Max Capacity: 2G
 Pre-touch: Disabled
 Parallel Workers: 10

Heap:
 PSYoungGen      total 29696K, used 26433K [0x00000000d5580000, 0x00000000d7680000, 0x0000000100000000)
  eden space 25600K, 90% used [0x00000000d5580000,0x00000000d6c16610,0x00000000d6e80000)
  from space 4096K, 80% used [0x00000000d6e80000,0x00000000d71b9e98,0x00000000d7280000)
  to   space 4096K, 0% used [0x00000000d7280000,0x00000000d7280000,0x00000000d7680000)
 ParOldGen       total 68608K, used 16K [0x0000000080000000, 0x0000000084300000, 0x00000000d5580000)
  object space 68608K, 0% used [0x0000000080000000,0x0000000080004000,0x0000000084300000)
 Metaspace       used 7955K, committed 8256K, reserved 1114112K
  class space    used 833K, committed 960K, reserved 1048576K

Card table byte_map: [0x000001566eae0000,0x000001566eef0000] _byte_map_base: 0x000001566e6e0000

Marking Bits: (ParMarkBitMap*) 0x00007ff8fd3f4460
 Begin Bits: [0x00000156725c0000, 0x00000156745c0000)
 End Bits:   [0x00000156745c0000, 0x00000156765c0000)

Polling page: 0x000001566e8d0000

Metaspace:

Usage:
  Non-class:      6.96 MB used.
      Class:    833.43 KB used.
       Both:      7.77 MB used.

Virtual space:
  Non-class space:       64.00 MB reserved,       7.12 MB ( 11%) committed,  1 nodes.
      Class space:        1.00 GB reserved,     960.00 KB ( <1%) committed,  1 nodes.
             Both:        1.06 GB reserved,       8.06 MB ( <1%) committed. 

Chunk freelists:
   Non-Class:  8.83 MB
       Class:  14.91 MB
        Both:  23.73 MB

MaxMetaspaceSize: unlimited
CompressedClassSpaceSize: 1.00 GB
Initial GC threshold: 21.00 MB
Current GC threshold: 21.00 MB
CDS: on
 - commit_granule_bytes: 65536.
 - commit_granule_words: 8192.
 - virtual_space_node_default_size: 8388608.
 - enlarge_chunks_in_place: 1.
 - use_allocation_guard: 0.


Internal statistics:

num_allocs_failed_limit: 0.
num_arena_births: 228.
num_arena_deaths: 0.
num_vsnodes_births: 2.
num_vsnodes_deaths: 0.
num_space_committed: 129.
num_space_uncommitted: 0.
num_chunks_returned_to_freelist: 0.
num_chunks_taken_from_freelist: 422.
num_chunk_merges: 0.
num_chunk_splits: 269.
num_chunks_enlarged: 177.
num_inconsistent_stats: 0.

CodeHeap 'non-profiled nmethods': size=120000Kb used=703Kb max_used=703Kb free=119296Kb
 bounds [0x0000015607ad0000, 0x0000015607d40000, 0x000001560f000000]
CodeHeap 'profiled nmethods': size=120000Kb used=3025Kb max_used=3025Kb free=116974Kb
 bounds [0x0000015600000000, 0x0000015600300000, 0x0000015607530000]
CodeHeap 'non-nmethods': size=5760Kb used=1219Kb max_used=1239Kb free=4540Kb
 bounds [0x0000015607530000, 0x00000156077a0000, 0x0000015607ad0000]
CodeCache: size=245760Kb, used=4947Kb, max_used=4967Kb, free=240810Kb
 total_blobs=2198, nmethods=1715, adapters=390, full_count=0
Compilation: enabled, stopped_count=0, restarted_count=0

Compilation events (20 events):
Event: 4.699 Thread 0x0000015677d59220 1273       3       java.io.DataInputStream::readUTF (5 bytes)
Event: 4.699 Thread 0x0000015677d59220 nmethod 1273 0x000001560021ed90 code [0x000001560021ef40, 0x000001560021f078]
Event: 4.699 Thread 0x0000015677d59220 1274       3       java.io.DataInputStream::readUnsignedShort (19 bytes)
Event: 4.699 Thread 0x0000015677d59220 nmethod 1274 0x000001560021f110 code [0x000001560021f320, 0x000001560021f990]
Event: 4.700 Thread 0x0000015677d59220 1275       3       jdk.internal.util.ByteArray::getUnsignedShort (12 bytes)
Event: 4.700 Thread 0x0000015677d59220 nmethod 1275 0x000001560021fc90 code [0x000001560021fea0, 0x0000015600220438]
Event: 4.700 Thread 0x0000015677d59220 1276       3       java.lang.invoke.VarHandleByteArrayAsShorts$ArrayHandle::get (36 bytes)
Event: 4.700 Thread 0x0000015677d59220 nmethod 1276 0x0000015600220690 code [0x0000015600220860, 0x0000015600220c40]
Event: 4.700 Thread 0x0000015677d59220 1299       3       org.eclipse.osgi.container.ModuleDatabase$Persistence::readVersion (7 bytes)
Event: 4.701 Thread 0x0000015677d59220 nmethod 1299 0x0000015600220e10 code [0x0000015600220fc0, 0x00000156002210e0]
Event: 4.701 Thread 0x0000015677d59220 1283       3       org.eclipse.osgi.container.ModuleDatabase$Persistence::readIndexedString (18 bytes)
Event: 4.701 Thread 0x0000015677d59220 nmethod 1283 0x0000015600221190 code [0x00000156002213c0, 0x0000015600221ac8]
Event: 4.701 Thread 0x000001567d556b40 nmethod 1297 0x0000015607b48d90 code [0x0000015607b48fc0, 0x0000015607b497b8]
Event: 4.702 Thread 0x000001567d556b40 1307       4       jdk.internal.misc.Unsafe::getIntUnaligned (12 bytes)
Event: 4.703 Thread 0x000001567d556b40 nmethod 1307 0x0000015607b49e90 code [0x0000015607b4a020, 0x0000015607b4a0d8]
Event: 4.703 Thread 0x000001567d556b40 1291       4       java.util.concurrent.locks.ReentrantLock$NonfairSync::initialTryLock (58 bytes)
Event: 4.704 Thread 0x000001567d556b40 nmethod 1291 0x0000015607b4a190 code [0x0000015607b4a320, 0x0000015607b4a410]
Event: 4.704 Thread 0x000001567d556b40 1290       4       java.io.BufferedInputStream::getBufIfOpen (61 bytes)
Event: 4.705 Thread 0x000001567d556b40 nmethod 1290 0x0000015607b4a490 code [0x0000015607b4a620, 0x0000015607b4a6f8]
Event: 4.705 Thread 0x000001567d556b40 1293       4       java.io.BufferedInputStream::read1 (121 bytes)

GC Heap History (2 events):
Event: 4.300 GC heap before
{Heap before GC invocations=1 (full 0):
 PSYoungGen      total 29696K, used 25600K [0x00000000d5580000, 0x00000000d7680000, 0x0000000100000000)
  eden space 25600K, 100% used [0x00000000d5580000,0x00000000d6e80000,0x00000000d6e80000)
  from space 4096K, 0% used [0x00000000d7280000,0x00000000d7280000,0x00000000d7680000)
  to   space 4096K, 0% used [0x00000000d6e80000,0x00000000d6e80000,0x00000000d7280000)
 ParOldGen       total 68608K, used 0K [0x0000000080000000, 0x0000000084300000, 0x00000000d5580000)
  object space 68608K, 0% used [0x0000000080000000,0x0000000080000000,0x0000000084300000)
 Metaspace       used 4355K, committed 4608K, reserved 1114112K
  class space    used 474K, committed 576K, reserved 1048576K
}
Event: 4.308 GC heap after
{Heap after GC invocations=1 (full 0):
 PSYoungGen      total 29696K, used 3303K [0x00000000d5580000, 0x00000000d7680000, 0x0000000100000000)
  eden space 25600K, 0% used [0x00000000d5580000,0x00000000d5580000,0x00000000d6e80000)
  from space 4096K, 80% used [0x00000000d6e80000,0x00000000d71b9e98,0x00000000d7280000)
  to   space 4096K, 0% used [0x00000000d7280000,0x00000000d7280000,0x00000000d7680000)
 ParOldGen       total 68608K, used 16K [0x0000000080000000, 0x0000000084300000, 0x00000000d5580000)
  object space 68608K, 0% used [0x0000000080000000,0x0000000080004000,0x0000000084300000)
 Metaspace       used 4355K, committed 4608K, reserved 1114112K
  class space    used 474K, committed 576K, reserved 1048576K
}

Dll operation events (8 events):
Event: 0.520 Loaded shared library c:\Users\vishnukumar.t\.vscode\extensions\redhat.java-1.55.0-win32-x64\jre\21.0.11-win32-x86_64\bin\java.dll
Event: 0.832 Loaded shared library c:\Users\vishnukumar.t\.vscode\extensions\redhat.java-1.55.0-win32-x64\jre\21.0.11-win32-x86_64\bin\zip.dll
Event: 0.897 Loaded shared library C:\Users\vishnukumar.t\.vscode\extensions\redhat.java-1.55.0-win32-x64\jre\21.0.11-win32-x86_64\bin\instrument.dll
Event: 1.071 Loaded shared library C:\Users\vishnukumar.t\.vscode\extensions\redhat.java-1.55.0-win32-x64\jre\21.0.11-win32-x86_64\bin\net.dll
Event: 1.426 Loaded shared library C:\Users\vishnukumar.t\.vscode\extensions\redhat.java-1.55.0-win32-x64\jre\21.0.11-win32-x86_64\bin\nio.dll
Event: 1.446 Loaded shared library C:\Users\vishnukumar.t\.vscode\extensions\redhat.java-1.55.0-win32-x64\jre\21.0.11-win32-x86_64\bin\zip.dll
Event: 1.532 Loaded shared library C:\Users\vishnukumar.t\.vscode\extensions\redhat.java-1.55.0-win32-x64\jre\21.0.11-win32-x86_64\bin\jimage.dll
Event: 2.085 Loaded shared library c:\Users\vishnukumar.t\.vscode\extensions\redhat.java-1.55.0-win32-x64\jre\21.0.11-win32-x86_64\bin\verify.dll

Deoptimization events (20 events):
Event: 4.404 Thread 0x000001566f156020 Uncommon trap: trap_request=0xffffff45 fr.pc=0x0000015607b2f43c relative=0x000000000000027c
Event: 4.404 Thread 0x000001566f156020 Uncommon trap: reason=unstable_if action=reinterpret pc=0x0000015607b2f43c method=java.util.HashMap.hash(Ljava/lang/Object;)I @ 1 c2
Event: 4.404 Thread 0x000001566f156020 DEOPT PACKING pc=0x0000015607b2f43c sp=0x0000003a64cfe8d0
Event: 4.404 Thread 0x000001566f156020 DEOPT UNPACKING pc=0x0000015607583aa2 sp=0x0000003a64cfe768 mode 2
Event: 4.407 Thread 0x000001566f156020 Uncommon trap: trap_request=0xffffff45 fr.pc=0x0000015607b341c0 relative=0x0000000000000280
Event: 4.407 Thread 0x000001566f156020 Uncommon trap: reason=unstable_if action=reinterpret pc=0x0000015607b341c0 method=java.util.HashMap.hash(Ljava/lang/Object;)I @ 1 c2
Event: 4.407 Thread 0x000001566f156020 DEOPT PACKING pc=0x0000015607b341c0 sp=0x0000003a64cfe840
Event: 4.407 Thread 0x000001566f156020 DEOPT UNPACKING pc=0x0000015607583aa2 sp=0x0000003a64cfe748 mode 2
Event: 4.407 Thread 0x000001566f156020 Uncommon trap: trap_request=0xffffff45 fr.pc=0x0000015607b2ddd0 relative=0x00000000000000b0
Event: 4.407 Thread 0x000001566f156020 Uncommon trap: reason=unstable_if action=reinterpret pc=0x0000015607b2ddd0 method=java.util.HashMap.hash(Ljava/lang/Object;)I @ 1 c2
Event: 4.407 Thread 0x000001566f156020 DEOPT PACKING pc=0x0000015607b2ddd0 sp=0x0000003a64cfe8f0
Event: 4.407 Thread 0x000001566f156020 DEOPT UNPACKING pc=0x0000015607583aa2 sp=0x0000003a64cfe888 mode 2
Event: 4.407 Thread 0x000001566f156020 Uncommon trap: trap_request=0xffffffde fr.pc=0x0000015607b14190 relative=0x0000000000000570
Event: 4.407 Thread 0x000001566f156020 Uncommon trap: reason=class_check action=maybe_recompile pc=0x0000015607b14190 method=java.util.Collections$UnmodifiableCollection$1.<init>(Ljava/util/Collections$UnmodifiableCollection;)V @ 17 c2
Event: 4.407 Thread 0x000001566f156020 DEOPT PACKING pc=0x0000015607b14190 sp=0x0000003a64cfe920
Event: 4.407 Thread 0x000001566f156020 DEOPT UNPACKING pc=0x0000015607583aa2 sp=0x0000003a64cfe868 mode 2
Event: 4.581 Thread 0x000001566f156020 Uncommon trap: trap_request=0xffffff45 fr.pc=0x0000015607b16078 relative=0x0000000000000198
Event: 4.581 Thread 0x000001566f156020 Uncommon trap: reason=unstable_if action=reinterpret pc=0x0000015607b16078 method=java.lang.invoke.VarHandle.checkAccessModeThenIsDirect(Ljava/lang/invoke/VarHandle$AccessDescriptor;)Z @ 4 c2
Event: 4.581 Thread 0x000001566f156020 DEOPT PACKING pc=0x0000015607b16078 sp=0x0000003a64cfe8d0
Event: 4.582 Thread 0x000001566f156020 DEOPT UNPACKING pc=0x0000015607583aa2 sp=0x0000003a64cfe828 mode 2

Classes loaded (20 events):
Event: 4.640 Loading class java/util/AbstractQueue done
Event: 4.640 Loading class java/util/concurrent/SynchronousQueue done
Event: 4.640 Loading class java/util/concurrent/SynchronousQueue$Transferer
Event: 4.641 Loading class java/util/concurrent/LinkedTransferQueue
Event: 4.642 Loading class java/util/concurrent/TransferQueue
Event: 4.642 Loading class java/util/concurrent/TransferQueue done
Event: 4.642 Loading class java/util/concurrent/LinkedTransferQueue done
Event: 4.642 Loading class java/util/concurrent/SynchronousQueue$Transferer done
Event: 4.642 Loading class java/util/concurrent/LinkedTransferQueue$DualNode
Event: 4.642 Loading class java/util/concurrent/LinkedTransferQueue$DualNode done
Event: 4.643 Loading class java/util/concurrent/RejectedExecutionHandler
Event: 4.643 Loading class java/util/concurrent/RejectedExecutionHandler done
Event: 4.643 Loading class java/util/concurrent/LinkedBlockingQueue
Event: 4.643 Loading class java/util/concurrent/LinkedBlockingQueue done
Event: 4.643 Loading class java/util/concurrent/LinkedBlockingQueue$Node
Event: 4.643 Loading class java/util/concurrent/LinkedBlockingQueue$Node done
Event: 4.671 Loading class java/util/concurrent/Semaphore$NonfairSync
Event: 4.671 Loading class java/util/concurrent/Semaphore$Sync
Event: 4.671 Loading class java/util/concurrent/Semaphore$Sync done
Event: 4.671 Loading class java/util/concurrent/Semaphore$NonfairSync done

Classes unloaded (0 events):
No events

Classes redefined (0 events):
No events

Internal exceptions (20 events):
Event: 3.837 Thread 0x000001566f156020 Exception <a 'java/io/FileNotFoundException'{0x00000000d64d2ab0}> (0x00000000d64d2ab0) 
thrown [s\src\hotspot\share\prims\jni.cpp, line 520]
Event: 3.840 Thread 0x000001566f156020 Exception <a 'java/io/FileNotFoundException'{0x00000000d64d3630}> (0x00000000d64d3630) 
thrown [s\src\hotspot\share\prims\jni.cpp, line 520]
Event: 3.847 Thread 0x000001566f156020 Implicit null exception at 0x0000015607b01624 to 0x0000015607b01bc8
Event: 3.847 Thread 0x000001566f156020 Implicit null exception at 0x0000015607b028a0 to 0x0000015607b02e34
Event: 3.852 Thread 0x000001566f156020 Exception <a 'java/io/FileNotFoundException'{0x00000000d650d818}> (0x00000000d650d818) 
thrown [s\src\hotspot\share\prims\jni.cpp, line 520]
Event: 3.872 Thread 0x000001566f156020 Exception <a 'java/lang/NoSuchMethodError'{0x00000000d65498b0}: 'java.lang.Object java.lang.invoke.DirectMethodHandle$Holder.invokeInterface(java.lang.Object, java.lang.Object)'> (0x00000000d65498b0) 
thrown [s\src\hotspot\share\interpreter\linkResolver.cpp, line 773]
Event: 3.875 Thread 0x000001566f156020 Exception <a 'java/lang/NoSuchMethodError'{0x00000000d655d410}: 'java.lang.Object java.lang.invoke.Invokers$Holder.invokeExact_MT(java.lang.Object, java.lang.Object, java.lang.Object, java.lang.Object, java.lang.Object, java.lang.Object)'> (0x00000000d655d410) 
thrown [s\src\hotspot\share\interpreter\linkResolver.cpp, line 773]
Event: 3.880 Thread 0x000001566f156020 Exception <a 'java/lang/NoSuchMethodError'{0x00000000d65744e8}: 'int java.lang.invoke.DirectMethodHandle$Holder.invokeStatic(java.lang.Object, java.lang.Object, java.lang.Object, java.lang.Object, java.lang.Object)'> (0x00000000d65744e8) 
thrown [s\src\hotspot\share\interpreter\linkResolver.cpp, line 773]
Event: 3.951 Thread 0x000001566f156020 Exception <a 'java/lang/NoSuchMethodError'{0x00000000d6608bb8}: 'java.lang.Object java.lang.invoke.DirectMethodHandle$Holder.invokeInterface(java.lang.Object, java.lang.Object, int)'> (0x00000000d6608bb8) 
thrown [s\src\hotspot\share\interpreter\linkResolver.cpp, line 773]
Event: 4.204 Thread 0x000001566f156020 Exception <a 'java/lang/NoSuchMethodError'{0x00000000d6a748e0}: 'java.lang.ClassLoader java.lang.ClassLoader.getPlatformClassLoader(java.lang.Class)'> (0x00000000d6a748e0) 
thrown [s\src\hotspot\share\interpreter\linkResolver.cpp, line 773]
Event: 4.316 Thread 0x000001566f156020 Exception <a 'java/lang/ClassNotFoundException'{0x00000000d5593f10}: sun/net/www/protocol/c/Handler> (0x00000000d5593f10) 
thrown [s\src\hotspot\share\classfile\systemDictionary.cpp, line 313]
Event: 4.317 Thread 0x000001566f156020 Exception <a 'java/lang/ClassNotFoundException'{0x00000000d5595330}: sun/net/www/protocol/d/Handler> (0x00000000d5595330) 
thrown [s\src\hotspot\share\classfile\systemDictionary.cpp, line 313]
Event: 4.317 Thread 0x000001566f156020 Exception <a 'java/lang/ClassNotFoundException'{0x00000000d55965b8}: sun/net/www/protocol/c/Handler> (0x00000000d55965b8) 
thrown [s\src\hotspot\share\classfile\systemDictionary.cpp, line 313]
Event: 4.362 Thread 0x000001566f156020 Exception <a 'java/io/FileNotFoundException'{0x00000000d55be530}> (0x00000000d55be530) 
thrown [s\src\hotspot\share\prims\jni.cpp, line 520]
Event: 4.404 Thread 0x000001566f156020 Implicit null exception at 0x0000015607b2ada9 to 0x0000015607b2b618
Event: 4.404 Thread 0x000001566f156020 Implicit null exception at 0x0000015607b2f21a to 0x0000015607b2f424
Event: 4.405 Thread 0x000001566f156020 Exception <a 'java/lang/NoSuchMethodError'{0x00000000d56f0eb0}: 'void java.lang.invoke.DirectMethodHandle$Holder.invokeStatic(java.lang.Object, java.lang.Object, java.lang.Object, java.lang.Object)'> (0x00000000d56f0eb0) 
thrown [s\src\hotspot\share\interpreter\linkResolver.cpp, line 773]
Event: 4.407 Thread 0x000001566f156020 Implicit null exception at 0x0000015607b33f9a to 0x0000015607b341a8
Event: 4.407 Thread 0x000001566f156020 Implicit null exception at 0x0000015607b2dd3d to 0x0000015607b2ddc1
Event: 4.601 Thread 0x000001566f156020 Exception <a 'java/lang/NoSuchMethodError'{0x00000000d59b3e18}: 'void java.lang.invoke.DirectMethodHandle$Holder.invokeSpecial(java.lang.Object, java.lang.Object, java.lang.Object)'> (0x00000000d59b3e18) 
thrown [s\src\hotspot\share\interpreter\linkResolver.cpp, line 773]

ZGC Phase Switch (0 events):
No events

VM Operations (20 events):
Event: 0.813 Executing non-safepoint VM operation: HandshakeAllThreads (Deoptimize)
Event: 0.813 Executing non-safepoint VM operation: HandshakeAllThreads (Deoptimize) done
Event: 1.603 Executing non-safepoint VM operation: HandshakeAllThreads (Deoptimize)
Event: 1.603 Executing non-safepoint VM operation: HandshakeAllThreads (Deoptimize) done
Event: 1.603 Executing safepoint VM operation: Cleanup
Event: 1.603 Executing safepoint VM operation: Cleanup done
Event: 2.610 Executing safepoint VM operation: Cleanup
Event: 2.611 Executing safepoint VM operation: Cleanup done
Event: 2.728 Executing non-safepoint VM operation: HandshakeAllThreads (Deoptimize)
Event: 2.728 Executing non-safepoint VM operation: HandshakeAllThreads (Deoptimize) done
Event: 2.756 Executing non-safepoint VM operation: HandshakeAllThreads (Deoptimize)
Event: 2.756 Executing non-safepoint VM operation: HandshakeAllThreads (Deoptimize) done
Event: 3.766 Executing safepoint VM operation: Cleanup
Event: 3.813 Executing safepoint VM operation: Cleanup done
Event: 4.274 Executing non-safepoint VM operation: HandshakeAllThreads (Deoptimize)
Event: 4.274 Executing non-safepoint VM operation: HandshakeAllThreads (Deoptimize) done
Event: 4.300 Executing safepoint VM operation: ParallelGCFailedAllocation (Allocation Failure)
Event: 4.308 Executing safepoint VM operation: ParallelGCFailedAllocation (Allocation Failure) done
Event: 5.322 Executing safepoint VM operation: Cleanup
Event: 5.322 Executing safepoint VM operation: Cleanup done

Memory protections (0 events):
No events

Nmethod flushes (0 events):
No events

Events (20 events):
Event: 0.745 Thread 0x000001566f156020 Thread added: 0x0000015676bbe1e0
Event: 0.746 Thread 0x000001566f156020 Thread added: 0x0000015677d1c810
Event: 0.746 Thread 0x000001566f156020 Thread added: 0x0000015677d224a0
Event: 0.746 Thread 0x000001566f156020 Thread added: 0x0000015677d28c40
Event: 0.747 Thread 0x000001566f156020 Thread added: 0x0000015677d292b0
Event: 0.747 Thread 0x000001566f156020 Thread added: 0x0000015677d29920
Event: 0.747 Thread 0x000001566f156020 Thread added: 0x0000015677d2d590
Event: 0.748 Thread 0x000001566f156020 Thread added: 0x0000015677d59220
Event: 0.850 Thread 0x0000015677d59220 Thread added: 0x0000015677f4f030
Event: 0.904 Thread 0x000001566f156020 Thread added: 0x0000015677f82c10
Event: 1.448 Thread 0x0000015677f4f030 Thread exited: 0x0000015677f4f030
Event: 2.377 Thread 0x000001566f156020 Thread added: 0x000001567809b5e0
Event: 2.610 Thread 0x0000015677d2d590 Thread added: 0x0000015678061570
Event: 2.610 Thread 0x0000015677d2d590 Thread added: 0x000001567d07fc60
Event: 4.037 Thread 0x000001567d07fc60 Thread exited: 0x000001567d07fc60
Event: 4.037 Thread 0x0000015678061570 Thread exited: 0x0000015678061570
Event: 4.109 Thread 0x0000015677d59220 Thread added: 0x00000156780ad280
Event: 4.392 Thread 0x00000156780ad280 Thread exited: 0x00000156780ad280
Event: 4.687 Thread 0x0000015677d59220 Thread added: 0x000001567d556490
Event: 4.689 Thread 0x0000015677d59220 Thread added: 0x000001567d556b40


Dynamic libraries:
0x00007ff6a79d0000 - 0x00007ff6a79de000 	c:\Users\vishnukumar.t\.vscode\extensions\redhat.java-1.55.0-win32-x64\jre\21.0.11-win32-x86_64\bin\java.exe
0x00007ffa6a140000 - 0x00007ffa6a3a6000 	C:\Windows\SYSTEM32\ntdll.dll
0x00007ffa68690000 - 0x00007ffa68759000 	C:\Windows\System32\KERNEL32.DLL
0x00007ffa678e0000 - 0x00007ffa67cde000 	C:\Windows\System32\KERNELBASE.dll
0x00007ffa67360000 - 0x00007ffa674ac000 	C:\Windows\System32\ucrtbase.dll
0x00007ffa3dba0000 - 0x00007ffa3dbbe000 	c:\Users\vishnukumar.t\.vscode\extensions\redhat.java-1.55.0-win32-x64\jre\21.0.11-win32-x86_64\bin\VCRUNTIME140.dll
0x00007ffa3db80000 - 0x00007ffa3db98000 	c:\Users\vishnukumar.t\.vscode\extensions\redhat.java-1.55.0-win32-x64\jre\21.0.11-win32-x86_64\bin\jli.dll
0x00007ffa68b80000 - 0x00007ffa68d47000 	C:\Windows\System32\USER32.dll
0x00007ffa67820000 - 0x00007ffa67847000 	C:\Windows\System32\win32u.dll
0x00007ffa69420000 - 0x00007ffa6944b000 	C:\Windows\System32\GDI32.dll
0x00007ffa676f0000 - 0x00007ffa6781a000 	C:\Windows\System32\gdi32full.dll
0x00007ffa48890000 - 0x00007ffa48b22000 	C:\Windows\WinSxS\amd64_microsoft.windows.common-controls_6595b64144ccf1df_6.0.26100.8875_none_3e0d5d42e32fe9dd\COMCTL32.dll
0x00007ffa674c0000 - 0x00007ffa67563000 	C:\Windows\System32\msvcp_win.dll
0x00007ffa68ad0000 - 0x00007ffa68b79000 	C:\Windows\System32\msvcrt.dll
0x00007ffa68550000 - 0x00007ffa68582000 	C:\Windows\System32\IMM32.DLL
0x00007ffa393a0000 - 0x00007ffa394fe000 	C:\Windows\system32\tmumh\20019\AddOn\8.55.0.1409\TmUmEvt64.dll
0x00007ffa69450000 - 0x00007ffa69458000 	C:\Windows\System32\PSAPI.DLL
0x00007ffa69360000 - 0x00007ffa69417000 	C:\Windows\System32\ADVAPI32.dll
0x00007ffa69110000 - 0x00007ffa691ba000 	C:\Windows\System32\sechost.dll
0x00007ffa68ff0000 - 0x00007ffa69108000 	C:\Windows\System32\RPCRT4.dll
0x00000000761f0000 - 0x0000000076317000 	C:\Windows\system32\tmumh\20019\TmMon\2.9.0.1243\tmmon64.dll
0x00007ffa49510000 - 0x00007ffa4951c000 	c:\Users\vishnukumar.t\.vscode\extensions\redhat.java-1.55.0-win32-x64\jre\21.0.11-win32-x86_64\bin\vcruntime140_1.dll
0x00007ffa1a790000 - 0x00007ffa1a81d000 	c:\Users\vishnukumar.t\.vscode\extensions\redhat.java-1.55.0-win32-x64\jre\21.0.11-win32-x86_64\bin\msvcp140.dll
0x00007ff8fc730000 - 0x00007ff8fd4d2000 	c:\Users\vishnukumar.t\.vscode\extensions\redhat.java-1.55.0-win32-x64\jre\21.0.11-win32-x86_64\bin\server\jvm.dll
0x00007ffa68960000 - 0x00007ffa689e0000 	C:\Windows\System32\WS2_32.dll
0x00007ffa66b70000 - 0x00007ffa66bce000 	C:\Windows\SYSTEM32\POWRPROF.dll
0x00007ffa5e220000 - 0x00007ffa5e256000 	C:\Windows\SYSTEM32\WINMM.dll
0x00007ffa48b70000 - 0x00007ffa48b7b000 	C:\Windows\SYSTEM32\VERSION.dll
0x00007ffa66b50000 - 0x00007ffa66b64000 	C:\Windows\SYSTEM32\UMPDC.dll
0x00007ffa652a0000 - 0x00007ffa652bb000 	C:\Windows\SYSTEM32\kernel.appcore.dll
0x00007ffa49470000 - 0x00007ffa4947a000 	c:\Users\vishnukumar.t\.vscode\extensions\redhat.java-1.55.0-win32-x64\jre\21.0.11-win32-x86_64\bin\jimage.dll
0x00007ffa63790000 - 0x00007ffa639d2000 	C:\Windows\SYSTEM32\DBGHELP.DLL
0x00007ffa69d70000 - 0x00007ffa6a0f3000 	C:\Windows\System32\combase.dll
0x00007ffa68d50000 - 0x00007ffa68e29000 	C:\Windows\System32\OLEAUT32.dll
0x00007ffa41bb0000 - 0x00007ffa41beb000 	C:\Windows\SYSTEM32\dbgcore.DLL
0x00007ffa67570000 - 0x00007ffa6761c000 	C:\Windows\System32\bcryptPrimitives.dll
0x00007ffa493b0000 - 0x00007ffa493bf000 	c:\Users\vishnukumar.t\.vscode\extensions\redhat.java-1.55.0-win32-x64\jre\21.0.11-win32-x86_64\bin\instrument.dll
0x00007ffa3db60000 - 0x00007ffa3db80000 	c:\Users\vishnukumar.t\.vscode\extensions\redhat.java-1.55.0-win32-x64\jre\21.0.11-win32-x86_64\bin\java.dll
0x00007ffa69460000 - 0x00007ffa69bf2000 	C:\Windows\System32\SHELL32.dll
0x00007ffa63b70000 - 0x00007ffa64402000 	C:\Windows\SYSTEM32\windows.storage.dll
0x00007ffa68590000 - 0x00007ffa68687000 	C:\Windows\System32\SHCORE.dll
0x00007ffa68a10000 - 0x00007ffa68a77000 	C:\Windows\System32\shlwapi.dll
0x00007ffa67140000 - 0x00007ffa67169000 	C:\Windows\SYSTEM32\profapi.dll
0x00007ffa3da80000 - 0x00007ffa3da98000 	c:\Users\vishnukumar.t\.vscode\extensions\redhat.java-1.55.0-win32-x64\jre\21.0.11-win32-x86_64\bin\zip.dll
0x00007ffa49290000 - 0x00007ffa492a0000 	C:\Users\vishnukumar.t\.vscode\extensions\redhat.java-1.55.0-win32-x64\jre\21.0.11-win32-x86_64\bin\net.dll
0x00007ffa65400000 - 0x00007ffa65527000 	C:\Windows\SYSTEM32\WINHTTP.dll
0x00007ffa65aa0000 - 0x00007ffa65b0c000 	C:\Windows\system32\mswsock.dll
0x00007ffa38cd0000 - 0x00007ffa38ce6000 	C:\Users\vishnukumar.t\.vscode\extensions\redhat.java-1.55.0-win32-x64\jre\21.0.11-win32-x86_64\bin\nio.dll
0x00007ffa48f80000 - 0x00007ffa48f90000 	c:\Users\vishnukumar.t\.vscode\extensions\redhat.java-1.55.0-win32-x64\jre\21.0.11-win32-x86_64\bin\verify.dll

JVMTI agents:
c:\Users\vishnukumar.t\.vscode\extensions\redhat.java-1.55.0-win32-x64\lombok\lombok-1.18.39-4050.jar path:c:\Users\vishnukumar.t\.vscode\extensions\redhat.java-1.55.0-win32-x64\jre\21.0.11-win32-x86_64\bin\instrument.dll, loaded, initialized, instrumentlib options:none

dbghelp: loaded successfully - version: 4.0.5 - missing functions: none
symbol engine: initialized successfully - sym options: 0x614 - pdb path: .;c:\Users\vishnukumar.t\.vscode\extensions\redhat.java-1.55.0-win32-x64\jre\21.0.11-win32-x86_64\bin;C:\Windows\SYSTEM32;C:\Windows\WinSxS\amd64_microsoft.windows.common-controls_6595b64144ccf1df_6.0.26100.8875_none_3e0d5d42e32fe9dd;C:\Windows\system32\tmumh\20019\AddOn\8.55.0.1409;C:\Windows\system32\tmumh\20019\TmMon\2.9.0.1243;c:\Users\vishnukumar.t\.vscode\extensions\redhat.java-1.55.0-win32-x64\jre\21.0.11-win32-x86_64\bin\server

VM Arguments:
jvm_args: --add-modules=ALL-SYSTEM --add-opens=java.base/java.util=ALL-UNNAMED --add-opens=java.base/java.lang=ALL-UNNAMED --add-opens=java.base/sun.nio.fs=ALL-UNNAMED -Declipse.application=org.eclipse.jdt.ls.core.id1 -Dosgi.bundles.defaultStartLevel=4 -Declipse.product=org.eclipse.jdt.ls.core.product -Djava.import.generatesMetadataFilesAtProjectRoot=false -DDetectVMInstallationsJob.disabled=true -Dfile.encoding=utf8 -XX:+UseParallelGC -XX:GCTimeRatio=4 -XX:AdaptiveSizePolicyWeight=90 -Dsun.zip.disableMemoryMapping=true -Xmx2G -Xms100m -Xlog:disable -javaagent:c:\Users\vishnukumar.t\.vscode\extensions\redhat.java-1.55.0-win32-x64\lombok\lombok-1.18.39-4050.jar 
java_command: c:\Users\vishnukumar.t\.vscode\extensions\redhat.java-1.55.0-win32-x64\server\plugins\org.eclipse.equinox.launcher_1.7.200.v20260619-2039.jar -configuration c:\Users\vishnukumar.t\AppData\Roaming\Code\User\globalStorage\redhat.java\1.55.0\config_ss_win -data c:\Users\vishnukumar.t\AppData\Roaming\Code\User\workspaceStorage\dc48afeaa7773d9f7dece3dd86eaa1fa\redhat.java\ss_ws --pipe=\\.\pipe\lsp-ee4f2733c31924448aa51bd94f59d1f0-sock
java_class_path (initial): c:\Users\vishnukumar.t\.vscode\extensions\redhat.java-1.55.0-win32-x64\server\plugins\org.eclipse.equinox.launcher_1.7.200.v20260619-2039.jar
Launcher Type: SUN_STANDARD

[Global flags]
    uintx AdaptiveSizePolicyWeight                 = 90                                        {product} {command line}
     intx CICompilerCount                          = 4                                         {product} {ergonomic}
    uintx GCTimeRatio                              = 4                                         {product} {command line}
   size_t InitialHeapSize                          = 104857600                                 {product} {command line}
   size_t MaxHeapSize                              = 2147483648                                {product} {command line}
   size_t MaxNewSize                               = 715653120                                 {product} {ergonomic}
   size_t MinHeapDeltaBytes                        = 524288                                    {product} {ergonomic}
   size_t MinHeapSize                              = 104857600                                 {product} {command line}
   size_t NewSize                                  = 34603008                                  {product} {ergonomic}
    uintx NonNMethodCodeHeapSize                   = 5839372                                {pd product} {ergonomic}
    uintx NonProfiledCodeHeapSize                  = 122909434                              {pd product} {ergonomic}
   size_t OldSize                                  = 70254592                                  {product} {ergonomic}
    uintx ProfiledCodeHeapSize                     = 122909434                              {pd product} {ergonomic}
    uintx ReservedCodeCacheSize                    = 251658240                              {pd product} {ergonomic}
     bool SegmentedCodeCache                       = true                                      {product} {ergonomic}
   size_t SoftMaxHeapSize                          = 2147483648                             {manageable} {ergonomic}
     bool UseCompressedOops                        = true                           {product lp64_product} {ergonomic}
     bool UseLargePagesIndividualAllocation        = false                                  {pd product} {ergonomic}
     bool UseParallelGC                            = true                                      {product} {command line}

Logging:
Log output configuration:
 #0: stdout all=off uptime,level,tags foldmultilines=false
 #1: stderr all=off uptime,level,tags foldmultilines=false

Release file:
JAVA_VERSION="21.0.11" 
MODULES="java.base java.compiler java.datatransfer java.xml java.prefs java.desktop java.instrument java.logging java.management java.security.sasl java.naming java.rmi java.management.rmi java.net.http java.scripting java.security.jgss java.transaction.xa java.sql java.sql.rowset java.xml.crypto java.se java.smartcardio jdk.accessibility jdk.internal.jvmstat jdk.attach jdk.charsets jdk.internal.opt jdk.zipfs jdk.compiler jdk.crypto.ec jdk.crypto.cryptoki jdk.crypto.mscapi jdk.dynalink jdk.internal.ed jdk.editpad jdk.hotspot.agent jdk.httpserver jdk.internal.le jdk.internal.vm.ci jdk.internal.vm.compiler jdk.internal.vm.compiler.management jdk.jartool jdk.javadoc jdk.jcmd jdk.management jdk.management.agent jdk.jconsole jdk.jdeps jdk.jdwp.agent jdk.jdi jdk.jfr jdk.jshell jdk.jsobject jdk.jstatd jdk.localedata jdk.management.jfr jdk.naming.dns jdk.naming.rmi jdk.net jdk.nio.mapmode jdk.random jdk.sctp jdk.security.auth jdk.security.jgss jdk.unsupported jdk.unsupported.desktop jdk.xml.dom" 

Environment Variables:
JAVA_HOME=D:\SYSTAK\09_Applications\jdk-21.0.3_windows-x64_bin\jdk-21.0.3
PATH=C:\Windows\system32;C:\Windows;C:\Windows\System32\Wbem;C:\Windows\System32\WindowsPowerShell\v1.0\;C:\Windows\System32\OpenSSH\;C:\Program Files\dotnet\;C:\Program Files\TortoiseGit\bin;C:\Program Files (x86)\Microsoft SQL Server\160\DTS\Binn\;C:\Users\vishnukumar.t\AppData\Local\agy\bin;C:\Users\vishnukumar.t\.local\bin;C:\Users\vishnukumar.t\AppData\Local\Programs\Python\Python311\Scripts\;C:\Users\vishnukumar.t\AppData\Local\Programs\Python\Python311\;C:\Users\vishnukumar.t\.cargo\bin;C:\Users\vishnukumar.t\AppData\Local\Programs\Python\Python313\Scripts\;C:\Users\vishnukumar.t\AppData\Local\Programs\Python\Python313\;C:\Users\vishnukumar.t\AppData\Local\Programs\Python\Launcher\;C:\Users\vishnukumar.t\AppData\Local\Microsoft\WindowsApps;D:\SYSTAK\09_Applications\jdk-21.0.3_windows-x64_bin\jdk-21.0.3\bin;D:\SYSTAK\09_Applications\node-v22.13.1-win-x64;C:\Users\vishnukumar.t\AppData\Local\Programs\Git\cmd;D:\Vishnukumar\09_Applications\apache-maven-3.6.3\bin;C:\Users\vishnukumar.t\.cargo\bin;C:\Users\vishnukumar.t\AppData\Local\Programs\Zed\bin;D:\SYSTAK\09_Applications\gradle-9.2.1-all\gradle-9.2.1\bin;C:\Users\vishnukumar.t\AppData\Local\Programs\Antigravity\bin;C:\Users\vishnukumar.t\AppData\Local\Programs\Microsoft VS Code\bin;C:\Users\vishnukumar.t\AppData\Local\GitHubDesktop\bin;C:\Users\vishnukumar.t\AppData\Local\PowerToys\DSCModules\;C:\Users\vishnukumar.t\AppData\Local\Programs\Warp\bin;
USERNAME=vishnukumar.t
OS=Windows_NT
PROCESSOR_IDENTIFIER=Intel64 Family 6 Model 186 Stepping 3, GenuineIntel
TMP=C:\Users\VISHNU~1.T\AppData\Local\Temp
TEMP=C:\Users\VISHNU~1.T\AppData\Local\Temp




Periodic native trim disabled

---------------  S Y S T E M  ---------------

OS:
 Windows 11 , 64 bit Build 26100 (10.0.26100.8875)
OS uptime: 7 days 19:03 hours
Hyper-V role detected

CPU: total 12 (initial active 12) (6 cores per cpu, 2 threads per core) family 6 model 186 stepping 3 microcode 0x6134, cx8, cmov, fxsr, ht, mmx, 3dnowpref, sse, sse2, sse3, ssse3, sse4.1, sse4.2, popcnt, lzcnt, tsc, tscinvbit, avx, avx2, aes, erms, clmul, bmi1, bmi2, adx, sha, fma, vzeroupper, clflush, clflushopt, clwb, hv, serialize, rdtscp, rdpid, fsrm, f16c, cet_ibt, cet_ss
Processor Information for the first 12 processors :
  Max Mhz: 1300, Current Mhz: 1300, Mhz Limit: 1300

Memory: 4k page, system-wide physical 16068M (779M free)
TotalPageFile size 46403M (AvailPageFile size 71M)
current process WorkingSet (physical memory assigned to process): 95M, peak: 95M
current process commit charge ("private bytes"): 252M, peak: 252M

vm_info: OpenJDK 64-Bit Server VM (21.0.11+10-LTS) for windows-amd64 JRE (21.0.11+10-LTS), built on 2026-04-21T00:00:00Z by "admin" with MS VC++ 17.12 (VS2022)

END.
