#
# There is insufficient memory for the Java Runtime Environment to continue.
# Native memory allocation (mmap) failed to map 264241152 bytes for G1 virtual space
# Possible reasons:
#   The system is out of physical RAM or swap space
#   The process is running with CompressedOops enabled, and the Java Heap may be blocking the growth of the native heap
# Possible solutions:
#   Reduce memory load on the system
#   Increase physical memory or swap space
#   Check if swap backing store is full
#   Decrease Java heap size (-Xmx/-Xms)
#   Decrease number of Java threads
#   Decrease Java thread stack sizes (-Xss)
#   Set larger code cache with -XX:ReservedCodeCacheSize=
#   JVM is running with Zero Based Compressed Oops mode in which the Java heap is
#     placed in the first 32GB address space. The Java Heap base address is the
#     maximum limit for the native heap growth. Please use -XX:HeapBaseMinAddress
#     to set the Java Heap base and to place the Java Heap above 32GB virtual address.
# This output file may be truncated or incomplete.
#
#  Out of Memory Error (os_windows.cpp:3600), pid=55640, tid=34220
#
# JRE version:  (21.0.3+7) (build )
# Java VM: Java HotSpot(TM) 64-Bit Server VM (21.0.3+7-LTS-152, mixed mode, sharing, tiered, compressed oops, compressed class ptrs, g1 gc, windows-amd64)
# No core dump will be written. Minidumps are not enabled by default on client versions of Windows
#

---------------  S U M M A R Y ------------

Command Line: --enable-native-access=ALL-UNNAMED 

Host: 13th Gen Intel(R) Core(TM) i5-1335U, 12 cores, 15G,  Windows 11 , 64 bit Build 26100 (10.0.26100.8875)
Time: Fri Aug 21 15:50:25 2026 India Standard Time elapsed time: 1.657168 seconds (0d 0h 0m 1s)

---------------  T H R E A D  ---------------

Current thread (0x00000234b758f900):  JavaThread "Unknown thread" [_thread_in_vm, id=34220, stack(0x0000003c5f000000,0x0000003c5f100000) (1024K)]

Stack: [0x0000003c5f000000,0x0000003c5f100000]
Native frames: (J=compiled Java code, j=interpreted, Vv=VM code, C=native code)
V  [jvm.dll+0x6c63b9]
V  [jvm.dll+0x84fa11]
V  [jvm.dll+0x851f3e]
V  [jvm.dll+0x852613]
V  [jvm.dll+0x27cd46]
V  [jvm.dll+0x6c2b55]
V  [jvm.dll+0x6b76da]
V  [jvm.dll+0x35051a]
V  [jvm.dll+0x358176]
V  [jvm.dll+0x3aa84e]
V  [jvm.dll+0x3aaaf8]
V  [jvm.dll+0x32491c]
V  [jvm.dll+0x32547b]
V  [jvm.dll+0x818f69]
V  [jvm.dll+0x3b7771]
V  [jvm.dll+0x802358]
V  [jvm.dll+0x44c7ce]
V  [jvm.dll+0x44e2a1]
C  [jli.dll+0x52a3]
C  [ucrtbase.dll+0x2cd30]
C  [KERNEL32.DLL+0x2e957]
C  [ntdll.dll+0xaad6c]


---------------  P R O C E S S  ---------------

Threads class SMR info:
_java_thread_list=0x00007ff95cef1b88, length=0, elements={
}

Java Threads: ( => current thread )
Total: 0

Other Threads:
  0x00000234bb1c8900 WorkerThread "GC Thread#0"                     [id=40756, stack(0x0000003c5f100000,0x0000003c5f200000) (1024K)]
  0x00000234bb1d93f0 ConcurrentGCThread "G1 Main Marker"            [id=28552, stack(0x0000003c5f200000,0x0000003c5f300000) (1024K)]
  0x00000234bb1d9ef0 WorkerThread "G1 Conc#0"                       [id=49920, stack(0x0000003c5f300000,0x0000003c5f400000) (1024K)]

[error occurred during error reporting (printing all threads), id 0xc0000005, EXCEPTION_ACCESS_VIOLATION (0xc0000005) at pc=0x00007ff95c667077]
VM state: not at safepoint (not fully initialized)

VM Mutex/Monitor currently owned by a thread:  ([mutex/lock_event])
[0x00007ff95cf62ea8] Heap_lock - owner thread: 0x00000234b758f900

Heap address: 0x0000000704e00000, size: 4018 MB, Compressed Oops mode: Zero based, Oop shift amount: 3

CDS archive(s) mapped at: [0x0000000000000000-0x0000000000000000-0x0000000000000000), size 0, SharedBaseAddress: 0x0000000800000000, ArchiveRelocationMode: 1.
Narrow klass base: 0x0000000000000000, Narrow klass shift: 0, Narrow klass range: 0x0

GC Precious Log:
 CardTable entry size: 512
 Card Set container configuration: InlinePtr #cards 4 size 8 Array Of Cards #cards 16 size 48 Howl #buckets 8 coarsen threshold 3686 Howl Bitmap #cards 512 size 80 coarsen threshold 460 Card regions per heap region 1 cards per card region 4096

Heap:
 garbage-first heap   total 0K, used 0K [0x0000000704e00000, 0x0000000800000000)
  region size 2048K, 0 young (0K), 0 survivors (0K)

[error occurred during error reporting (printing heap information), id 0xc0000005, EXCEPTION_ACCESS_VIOLATION (0xc0000005) at pc=0x00007ff95ca4e669]
GC Heap History (0 events):
No events

Dll operation events (1 events):
Event: 0.444 Loaded shared library D:\SYSTAK\09_Applications\jdk-21.0.3_windows-x64_bin\jdk-21.0.3\bin\java.dll

Deoptimization events (0 events):
No events

Classes loaded (0 events):
No events

Classes unloaded (0 events):
No events

Classes redefined (0 events):
No events

Internal exceptions (0 events):
No events

ZGC Phase Switch (0 events):
No events

VM Operations (0 events):
No events

Events (0 events):
No events


Dynamic libraries:
0x00007ff6723e0000 - 0x00007ff6723f0000 	D:\SYSTAK\09_Applications\jdk-21.0.3_windows-x64_bin\jdk-21.0.3\bin\java.exe
0x00007ffa6a140000 - 0x00007ffa6a3a6000 	C:\Windows\SYSTEM32\ntdll.dll
0x00007ffa68690000 - 0x00007ffa68759000 	C:\Windows\System32\KERNEL32.DLL
0x00007ffa678e0000 - 0x00007ffa67cde000 	C:\Windows\System32\KERNELBASE.dll
0x00007ffa67360000 - 0x00007ffa674ac000 	C:\Windows\System32\ucrtbase.dll
0x00007ffa3e950000 - 0x00007ffa3e96b000 	D:\SYSTAK\09_Applications\jdk-21.0.3_windows-x64_bin\jdk-21.0.3\bin\VCRUNTIME140.dll
0x00007ffa493c0000 - 0x00007ffa493d9000 	D:\SYSTAK\09_Applications\jdk-21.0.3_windows-x64_bin\jdk-21.0.3\bin\jli.dll
0x00007ffa69360000 - 0x00007ffa69417000 	C:\Windows\System32\ADVAPI32.dll
0x00007ffa68ad0000 - 0x00007ffa68b79000 	C:\Windows\System32\msvcrt.dll
0x00007ffa69110000 - 0x00007ffa691ba000 	C:\Windows\System32\sechost.dll
0x00007ffa68ff0000 - 0x00007ffa69108000 	C:\Windows\System32\RPCRT4.dll
0x00007ffa68b80000 - 0x00007ffa68d47000 	C:\Windows\System32\USER32.dll
0x00007ffa67820000 - 0x00007ffa67847000 	C:\Windows\System32\win32u.dll
0x00007ffa69420000 - 0x00007ffa6944b000 	C:\Windows\System32\GDI32.dll
0x00007ffa676f0000 - 0x00007ffa6781a000 	C:\Windows\System32\gdi32full.dll
0x00007ffa674c0000 - 0x00007ffa67563000 	C:\Windows\System32\msvcp_win.dll
0x00007ffa48890000 - 0x00007ffa48b22000 	C:\Windows\WinSxS\amd64_microsoft.windows.common-controls_6595b64144ccf1df_6.0.26100.8875_none_3e0d5d42e32fe9dd\COMCTL32.dll
0x00007ffa48b70000 - 0x00007ffa48b7b000 	C:\Windows\SYSTEM32\VERSION.dll
0x00007ffa68550000 - 0x00007ffa68582000 	C:\Windows\System32\IMM32.DLL
0x00007ffa393a0000 - 0x00007ffa394fe000 	C:\Windows\system32\tmumh\20019\AddOn\8.55.0.1409\TmUmEvt64.dll
0x00007ffa69450000 - 0x00007ffa69458000 	C:\Windows\System32\PSAPI.DLL
0x00000000761f0000 - 0x0000000076317000 	C:\Windows\system32\tmumh\20019\TmMon\2.9.0.1243\tmmon64.dll
0x00007ffa606d0000 - 0x00007ffa606dc000 	D:\SYSTAK\09_Applications\jdk-21.0.3_windows-x64_bin\jdk-21.0.3\bin\vcruntime140_1.dll
0x00007ffa1a790000 - 0x00007ffa1a81e000 	D:\SYSTAK\09_Applications\jdk-21.0.3_windows-x64_bin\jdk-21.0.3\bin\msvcp140.dll
0x00007ff95c330000 - 0x00007ff95d03d000 	D:\SYSTAK\09_Applications\jdk-21.0.3_windows-x64_bin\jdk-21.0.3\bin\server\jvm.dll
0x00007ffa68960000 - 0x00007ffa689e0000 	C:\Windows\System32\WS2_32.dll
0x00007ffa66b70000 - 0x00007ffa66bce000 	C:\Windows\SYSTEM32\POWRPROF.dll
0x00007ffa5e220000 - 0x00007ffa5e256000 	C:\Windows\SYSTEM32\WINMM.dll
0x00007ffa66b50000 - 0x00007ffa66b64000 	C:\Windows\SYSTEM32\UMPDC.dll
0x00007ffa652a0000 - 0x00007ffa652bb000 	C:\Windows\SYSTEM32\kernel.appcore.dll
0x00007ffa5fba0000 - 0x00007ffa5fbaa000 	D:\SYSTAK\09_Applications\jdk-21.0.3_windows-x64_bin\jdk-21.0.3\bin\jimage.dll
0x00007ffa63790000 - 0x00007ffa639d2000 	C:\Windows\SYSTEM32\DBGHELP.DLL
0x00007ffa69d70000 - 0x00007ffa6a0f3000 	C:\Windows\System32\combase.dll
0x00007ffa68d50000 - 0x00007ffa68e29000 	C:\Windows\System32\OLEAUT32.dll
0x00007ffa41bb0000 - 0x00007ffa41beb000 	C:\Windows\SYSTEM32\dbgcore.DLL
0x00007ffa67570000 - 0x00007ffa6761c000 	C:\Windows\System32\bcryptPrimitives.dll
0x00007ffa3e460000 - 0x00007ffa3e47f000 	D:\SYSTAK\09_Applications\jdk-21.0.3_windows-x64_bin\jdk-21.0.3\bin\java.dll

dbghelp: loaded successfully - version: 4.0.5 - missing functions: none
symbol engine: initialized successfully - sym options: 0x614 - pdb path: .;D:\SYSTAK\09_Applications\jdk-21.0.3_windows-x64_bin\jdk-21.0.3\bin;C:\Windows\SYSTEM32;C:\Windows\WinSxS\amd64_microsoft.windows.common-controls_6595b64144ccf1df_6.0.26100.8875_none_3e0d5d42e32fe9dd;C:\Windows\system32\tmumh\20019\AddOn\8.55.0.1409;C:\Windows\system32\tmumh\20019\TmMon\2.9.0.1243;D:\SYSTAK\09_Applications\jdk-21.0.3_windows-x64_bin\jdk-21.0.3\bin\server

VM Arguments:
jvm_args: --enable-native-access=ALL-UNNAMED 
java_command: <unknown>
java_class_path (initial): <not set>
Launcher Type: SUN_STANDARD

[Global flags]
     intx CICompilerCount                          = 4                                         {product} {ergonomic}
     uint ConcGCThreads                            = 3                                         {product} {ergonomic}
     uint G1ConcRefinementThreads                  = 10                                        {product} {ergonomic}
   size_t G1HeapRegionSize                         = 2097152                                   {product} {ergonomic}
    uintx GCDrainStackTargetSize                   = 64                                        {product} {ergonomic}
   size_t InitialHeapSize                          = 264241152                                 {product} {ergonomic}
   size_t MarkStackSize                            = 4194304                                   {product} {ergonomic}
   size_t MaxHeapSize                              = 4213178368                                {product} {ergonomic}
   size_t MinHeapDeltaBytes                        = 2097152                                   {product} {ergonomic}
   size_t MinHeapSize                              = 8388608                                   {product} {ergonomic}
    uintx NonNMethodCodeHeapSize                   = 5839372                                {pd product} {ergonomic}
    uintx NonProfiledCodeHeapSize                  = 122909434                              {pd product} {ergonomic}
    uintx ProfiledCodeHeapSize                     = 122909434                              {pd product} {ergonomic}
    uintx ReservedCodeCacheSize                    = 251658240                              {pd product} {ergonomic}
     bool SegmentedCodeCache                       = true                                      {product} {ergonomic}
   size_t SoftMaxHeapSize                          = 4213178368                             {manageable} {ergonomic}
     bool UseCompressedOops                        = true                           {product lp64_product} {ergonomic}
     bool UseG1GC                                  = true                                      {product} {ergonomic}
     bool UseLargePagesIndividualAllocation        = false                                  {pd product} {ergonomic}

Logging:
Log output configuration:
 #0: stdout all=warning uptime,level,tags foldmultilines=false
 #1: stderr all=off uptime,level,tags foldmultilines=false

Environment Variables:
JAVA_HOME=D:\SYSTAK\09_Applications\jdk-21.0.3_windows-x64_bin\jdk-21.0.3
PATH=C:\Windows\system32;C:\Windows;C:\Windows\System32\Wbem;C:\Windows\System32\WindowsPowerShell\v1.0\;C:\Windows\System32\OpenSSH\;C:\Program Files\dotnet\;C:\Program Files\TortoiseGit\bin;C:\Program Files (x86)\Microsoft SQL Server\160\DTS\Binn\;C:\Users\vishnukumar.t\AppData\Local\agy\bin;C:\Users\vishnukumar.t\.local\bin;C:\Users\vishnukumar.t\AppData\Local\Programs\Python\Python311\Scripts\;C:\Users\vishnukumar.t\AppData\Local\Programs\Python\Python311\;C:\Users\vishnukumar.t\.cargo\bin;C:\Users\vishnukumar.t\AppData\Local\Programs\Python\Python313\Scripts\;C:\Users\vishnukumar.t\AppData\Local\Programs\Python\Python313\;C:\Users\vishnukumar.t\AppData\Local\Programs\Python\Launcher\;C:\Users\vishnukumar.t\AppData\Local\Microsoft\WindowsApps;D:\SYSTAK\09_Applications\jdk-21.0.3_windows-x64_bin\jdk-21.0.3\bin;D:\SYSTAK\09_Applications\node-v22.13.1-win-x64;C:\Users\vishnukumar.t\AppData\Local\Programs\Git\cmd;D:\Vishnukumar\09_Applications\apache-maven-3.6.3\bin;C:\Users\vishnukumar.t\.cargo\bin;C:\Users\vishnukumar.t\AppData\Local\Programs\Zed\bin;D:\SYSTAK\09_Applications\gradle-9.2.1-all\gradle-9.2.1\bin;C:\Users\vishnukumar.t\AppData\Local\Programs\Antigravity\bin;C:\Users\vishnukumar.t\AppData\Local\Programs\Microsoft VS Code\bin;C:\Users\vishnukumar.t\AppData\Local\GitHubDesktop\bin;C:\Users\vishnukumar.t\AppData\Local\PowerToys\DSCModules\;C:\Users\vishnukumar.t\AppData\Local\Programs\Warp\bin;
USERNAME=vishnukumar.t
OS=Windows_NT
PROCESSOR_IDENTIFIER=Intel64 Family 6 Model 186 Stepping 3, GenuineIntel
TMP=C:\Users\VISHNU~1.T\AppData\Local\Temp
TEMP=C:\Users\VISHNU~1.T\AppData\Local\Temp




Periodic native trim disabled

---------------  S Y S T E M  ---------------

OS:
 Windows 11 , 64 bit Build 26100 (10.0.26100.8875)
OS uptime: 7 days 19:04 hours
Hyper-V role detected

CPU: total 12 (initial active 12) (6 cores per cpu, 2 threads per core) family 6 model 186 stepping 3 microcode 0x6134, cx8, cmov, fxsr, ht, mmx, 3dnowpref, sse, sse2, sse3, ssse3, sse4.1, sse4.2, popcnt, lzcnt, tsc, tscinvbit, avx, avx2, aes, erms, clmul, bmi1, bmi2, adx, sha, fma, vzeroupper, clflush, clflushopt, clwb, hv, serialize, rdtscp, rdpid, fsrm, f16c, cet_ibt, cet_ss
Processor Information for all 12 processors :
  Max Mhz: 1300, Current Mhz: 1300, Mhz Limit: 1300

Memory: 4k page, system-wide physical 16068M (521M free)
TotalPageFile size 46403M (AvailPageFile size 35M)
current process WorkingSet (physical memory assigned to process): 16M, peak: 16M
current process commit charge ("private bytes"): 68M, peak: 320M

vm_info: Java HotSpot(TM) 64-Bit Server VM (21.0.3+7-LTS-152) for windows-amd64 JRE (21.0.3+7-LTS-152), built on 2024-03-11T17:42:26Z by "mach5one" with MS VC++ 17.6 (VS2022)

END.
